source tb_ALU_random_2000.tcl
# set curr_wave [current_wave_config]
# if { [string length $curr_wave] == 0 } {
#   if { [llength [get_objects]] > 0} {
#     add_wave /
#     set_property needs_save false [current_wave_config]
#   } else {
#      send_msg_id Add_Wave-1 WARNING "No top level signals found. Simulator will start without a wave window. If you want to open a wave window go to 'File->New Waveform Configuration' or type 'create_wave_config' in the TCL console."
#   }
# }
# run 1000ns

================================================
       ALU 2000 RANDOM ARITHMETIC TEST
================================================

Running 1000 random ADD tests...
Running 1000 random SUB tests...
INFO: [USF-XSim-96] XSim completed. Design snapshot 'tb_ALU_random_2000_behav' loaded.
INFO: [USF-XSim-97] XSim simulation ran for 1000ns
launch_simulation: Time (s): cpu = 00:00:04 ; elapsed = 00:00:14 . Memory (MB): peak = 1766.098 ; gain = 0.000
run all

================================================
             ALU RANDOM TEST REPORT
================================================
Total Tests  = 2000
Passed       = 2000
Failed       = 0
================================================

******** 2000 RANDOM TESTS PASSED ********

$finish called at time : 2 us : File "C:/Users/dell/Desktop/VLSI/Verilog_vivado/For Git/tsc_scl_workbench/tsc_scl_workbench.srcs/sim_1/new/tb_ALU_random.sv" Line 229