relaunch_sim
Command: launch_simulation -step compile -simset sim_1 -mode behavioral
INFO: [Vivado 12-25911] Executing simulation for 'XSim' simulator
INFO: [Vivado 12-28535] Process started - Fri Aug 14 16:51:43 2026

INFO: [Vivado 12-12493] Simulation top is 'tb_sign_extend_cov_asrt'
INFO: [Vivado 12-5682] Launching behavioral simulation in 'C:/Users/dell/Desktop/VLSI/Verilog_vivado/For Git/tsc_scl_workbench/tsc_scl_workbench.sim/sim_1/behav/xsim'
INFO: [SIM-utils-51] Simulation object is 'sim_1'
INFO: [USF-XSim-2] XSim::Compile design
INFO: [USF-XSim-61] Executing 'COMPILE and ANALYZE' step in 'C:/Users/dell/Desktop/VLSI/Verilog_vivado/For Git/tsc_scl_workbench/tsc_scl_workbench.sim/sim_1/behav/xsim'
"xvlog --incr --relax -L uvm -prj tb_sign_extend_cov_asrt_vlog.prj"
INFO: [USF-XSim-69] 'compile' step finished in '1' seconds
Command: launch_simulation -step elaborate -simset sim_1 -mode behavioral
INFO: [Vivado 12-25911] Executing simulation for 'XSim' simulator
INFO: [Vivado 12-28535] Process started - Fri Aug 14 16:51:45 2026

INFO: [Vivado 12-12493] Simulation top is 'tb_sign_extend_cov_asrt'
INFO: [Vivado 12-5682] Launching behavioral simulation in 'C:/Users/dell/Desktop/VLSI/Verilog_vivado/For Git/tsc_scl_workbench/tsc_scl_workbench.sim/sim_1/behav/xsim'
INFO: [SIM-utils-51] Simulation object is 'sim_1'
INFO: [USF-XSim-3] XSim::Elaborate design
INFO: [USF-XSim-61] Executing 'ELABORATE' step in 'C:/Users/dell/Desktop/VLSI/Verilog_vivado/For Git/tsc_scl_workbench/tsc_scl_workbench.sim/sim_1/behav/xsim'
"xelab --incr --debug typical --relax --mt 2 -L xil_defaultlib -L uvm -L unisims_ver -L unimacro_ver -L secureip --snapshot tb_sign_extend_cov_asrt_behav xil_defaultlib.tb_sign_extend_cov_asrt xil_defaultlib.glbl -log elaborate.log"
Vivado Simulator v2025.2
Copyright 1986-2022 Xilinx, Inc. All Rights Reserved.
Copyright 2022-2025 Advanced Micro Devices, Inc. All Rights Reserved.
Running: C:/AMDDesignTools/2025.2/Vivado/bin/unwrapped/win64.o/xelab.exe --incr --debug typical --relax --mt 2 -L xil_defaultlib -L uvm -L unisims_ver -L unimacro_ver -L secureip --snapshot tb_sign_extend_cov_asrt_behav xil_defaultlib.tb_sign_extend_cov_asrt xil_defaultlib.glbl -log elaborate.log 
Using 2 slave threads.
Starting static elaboration
Pass Through NonSizing Optimizer
Completed static elaboration
INFO: [XSIM 43-4323] No Change in HDL. Linking previously generated obj files to create kernel
INFO: [USF-XSim-69] 'elaborate' step finished in '1' seconds
Time resolution is 1 ps

================================================
 SIGN EXTEND BLOCK VERIFICATION
================================================

Testing I-type LOAD...
Testing I-type ALU...
Testing I-type JALR...
Testing S-type...
Testing B-type...
Testing J-type...
Testing U-type LUI...
Testing U-type AUIPC...
Testing invalid opcodes...
Running random I-type tests...
Running random S-type tests...
run all
Running random B-type tests...
Running random J-type tests...
Running random U-type tests...

================================================
 SIGN EXTEND VERIFICATION REPORT
================================================
Total Tests        = 2050
Passed             = 2050
Failed             = 0
Assertion Failures = 0
Functional Coverage = 96.00%
================================================

******** SIGN EXTEND VERIFICATION PASSED ********

$finish called at time : 2050 ns : File "C:/Users/dell/Desktop/VLSI/Verilog_vivado/For Git/tsc_scl_workbench/tsc_scl_workbench.srcs/sim_1/new/tb_sign_extend.sv" Line 737