launch_simulation
Command: launch_simulation 
INFO: [Vivado 12-25911] Executing simulation for 'XSim' simulator
INFO: [Vivado 12-28535] Process started - Thu Aug 13 16:53:03 2026

INFO: [Vivado 12-12493] Simulation top is 'tb_ALU_cov_asrt'
INFO: [Vivado 12-5682] Launching behavioral simulation in 'C:/Users/dell/Desktop/VLSI/Verilog_vivado/For Git/tsc_scl_workbench/tsc_scl_workbench.sim/sim_1/behav/xsim'
INFO: [SIM-utils-51] Simulation object is 'sim_1'
INFO: [SIM-utils-72] Using boost library from 'C:/AMDDesignTools/2025.2/Vivado/tps/boost_1_72_0'
INFO: [SIM-utils-54] Inspecting design source files for 'tb_ALU_cov_asrt' in fileset 'sim_1'...
INFO: [USF-XSim-97] Finding global include files...
INFO: [USF-XSim-98] Fetching design files from 'sim_1'...
INFO: [USF-XSim-2] XSim::Compile design
INFO: [USF-XSim-61] Executing 'COMPILE and ANALYZE' step in 'C:/Users/dell/Desktop/VLSI/Verilog_vivado/For Git/tsc_scl_workbench/tsc_scl_workbench.sim/sim_1/behav/xsim'
"xvlog --incr --relax -L uvm -prj tb_ALU_cov_asrt_vlog.prj"
INFO: [VRFC 10-2263] Analyzing SystemVerilog file "C:/Users/dell/Desktop/VLSI/Verilog_vivado/For Git/tsc_scl_workbench/tsc_scl_workbench.srcs/sim_1/imports/tb/tb_ALU_cov_asrt.sv" into library xil_defaultlib
INFO: [VRFC 10-311] analyzing module tb_ALU_cov_asrt
INFO: [USF-XSim-69] 'compile' step finished in '3' seconds
INFO: [USF-XSim-3] XSim::Elaborate design
INFO: [USF-XSim-61] Executing 'ELABORATE' step in 'C:/Users/dell/Desktop/VLSI/Verilog_vivado/For Git/tsc_scl_workbench/tsc_scl_workbench.sim/sim_1/behav/xsim'
"xelab --incr --debug typical --relax --mt 2 -L xil_defaultlib -L uvm -L unisims_ver -L unimacro_ver -L secureip --snapshot tb_ALU_cov_asrt_behav xil_defaultlib.tb_ALU_cov_asrt xil_defaultlib.glbl -log elaborate.log"
Vivado Simulator v2025.2
Copyright 1986-2022 Xilinx, Inc. All Rights Reserved.
Copyright 2022-2025 Advanced Micro Devices, Inc. All Rights Reserved.
Running: C:/AMDDesignTools/2025.2/Vivado/bin/unwrapped/win64.o/xelab.exe --incr --debug typical --relax --mt 2 -L xil_defaultlib -L uvm -L unisims_ver -L unimacro_ver -L secureip --snapshot tb_ALU_cov_asrt_behav xil_defaultlib.tb_ALU_cov_asrt xil_defaultlib.glbl -log elaborate.log 
Using 2 slave threads.
Starting static elaboration
Pass Through NonSizing Optimizer
Completed static elaboration
Starting simulation data flow analysis
Completed simulation data flow analysis
Time Resolution for simulation is 1ps
Compiling module xil_defaultlib.ALU
Compiling module xil_defaultlib.tb_ALU_cov_asrt
Compiling module xil_defaultlib.glbl
Built simulation snapshot tb_ALU_cov_asrt_behav
run_program: Time (s): cpu = 00:00:01 ; elapsed = 00:00:12 . Memory (MB): peak = 1766.121 ; gain = 0.000
INFO: [USF-XSim-69] 'elaborate' step finished in '12' seconds
INFO: [USF-XSim-4] XSim::Simulate design
INFO: [USF-XSim-61] Executing 'SIMULATE' step in 'C:/Users/dell/Desktop/VLSI/Verilog_vivado/For Git/tsc_scl_workbench/tsc_scl_workbench.sim/sim_1/behav/xsim'
INFO: [USF-XSim-98] *** Running xsim
   with args "tb_ALU_cov_asrt_behav -key {Behavioral:sim_1:Functional:tb_ALU_cov_asrt} -tclbatch {tb_ALU_cov_asrt.tcl} -log {simulate.log}"
INFO: [USF-XSim-8] Loading simulator feature
Time resolution is 1 ps
source tb_ALU_cov_asrt.tcl
# set curr_wave [current_wave_config]
# if { [string length $curr_wave] == 0 } {
#   if { [llength [get_objects]] > 0} {
#     add_wave /
#     set_property needs_save false [current_wave_config]
#   } else {
#      send_msg_id Add_Wave-1 WARNING "No top level signals found. Simulator will start without a wave window. If you want to open a wave window go to 'File->New Waveform Configuration' or type 'create_wave_config' in the TCL console."
#   }
# }
# run 1000ns

==============================================
   ALU ASSERTION + COVERAGE VERIFICATION
==============================================


==============================================
        ALU VERIFICATION REPORT
==============================================
Functional Coverage = 96.67%
Assertion Failures = 0
==============================================

******** ASSERTIONS PASSED ********

$finish called at time : 134 ns : File "C:/Users/dell/Desktop/VLSI/Verilog_vivado/For Git/tsc_scl_workbench/tsc_scl_workbench.srcs/sim_1/imports/tb/tb_ALU_cov_asrt.sv" Line 349
INFO: [USF-XSim-96] XSim completed. Design snapshot 'tb_ALU_cov_asrt_behav' loaded.
INFO: [USF-XSim-97] XSim simulation ran for 1000ns
launch_simulation: Time (s): cpu = 00:00:05 ; elapsed = 00:00:20 . Memory (MB): peak = 1766.121 ; gain = 0.000
